Building manuscript DOCX... 
Requirement already satisfied: pandas in C:\Users\Dell\AppData\Local\Python\pythoncore-3.14-64\Lib\site-packages (from -r requirements.txt (line 1)) (2.3.3)
Requirement already satisfied: numpy in C:\Users\Dell\AppData\Roaming\Python\Python314\site-packages (from -r requirements.txt (line 2)) (2.5.0)
Requirement already satisfied: matplotlib in C:\Users\Dell\AppData\Local\Python\pythoncore-3.14-64\Lib\site-packages (from -r requirements.txt (line 3)) (3.11.0)
Requirement already satisfied: seaborn in C:\Users\Dell\AppData\Local\Python\pythoncore-3.14-64\Lib\site-packages (from -r requirements.txt (line 4)) (0.13.2)
Requirement already satisfied: scikit-learn in C:\Users\Dell\AppData\Roaming\Python\Python314\site-packages (from -r requirements.txt (line 5)) (1.9.0)
Requirement already satisfied: lifelines in C:\Users\Dell\AppData\Local\Python\pythoncore-3.14-64\Lib\site-packages (from -r requirements.txt (line 6)) (0.30.3)
Requirement already satisfied: scipy in C:\Users\Dell\AppData\Roaming\Python\Python314\site-packages (from -r requirements.txt (line 7)) (1.18.0)
Requirement already satisfied: statsmodels in C:\Users\Dell\AppData\Local\Python\pythoncore-3.14-64\Lib\site-packages (from -r requirements.txt (line 8)) (0.14.6)
Requirement already satisfied: python-docx in C:\Users\Dell\AppData\Local\Python\pythoncore-3.14-64\Lib\site-packages (from -r requirements.txt (line 9)) (1.2.0)
Requirement already satisfied: python-dateutil>=2.8.2 in C:\Users\Dell\AppData\Roaming\Python\Python314\site-packages (from pandas->-r requirements.txt (line 1)) (2.9.0.post0)
Requirement already satisfied: pytz>=2020.1 in C:\Users\Dell\AppData\Local\Python\pythoncore-3.14-64\Lib\site-packages (from pandas->-r requirements.txt (line 1)) (2026.2)
Requirement already satisfied: tzdata>=2022.7 in C:\Users\Dell\AppData\Roaming\Python\Python314\site-packages (from pandas->-r requirements.txt (line 1)) (2026.2)
Requirement already satisfied: contourpy>=1.0.1 in C:\Users\Dell\AppData\Local\Python\pythoncore-3.14-64\Lib\site-packages (from matplotlib->-r requirements.txt (line 3)) (1.3.3)
Requirement already satisfied: cycler>=0.10 in C:\Users\Dell\AppData\Local\Python\pythoncore-3.14-64\Lib\site-packages (from matplotlib->-r requirements.txt (line 3)) (0.12.1)
Requirement already satisfied: fonttools>=4.22.0 in C:\Users\Dell\AppData\Local\Python\pythoncore-3.14-64\Lib\site-packages (from matplotlib->-r requirements.txt (line 3)) (4.63.0)
Requirement already satisfied: kiwisolver>=1.3.1 in C:\Users\Dell\AppData\Local\Python\pythoncore-3.14-64\Lib\site-packages (from matplotlib->-r requirements.txt (line 3)) (1.5.0)
Requirement already satisfied: packaging>=20.0 in C:\Users\Dell\AppData\Local\Python\pythoncore-3.14-64\Lib\site-packages (from matplotlib->-r requirements.txt (line 3)) (26.2)
Requirement already satisfied: pillow>=9 in C:\Users\Dell\AppData\Local\Python\pythoncore-3.14-64\Lib\site-packages (from matplotlib->-r requirements.txt (line 3)) (12.3.0)
Requirement already satisfied: pyparsing>=3 in C:\Users\Dell\AppData\Local\Python\pythoncore-3.14-64\Lib\site-packages (from matplotlib->-r requirements.txt (line 3)) (3.3.2)
Requirement already satisfied: joblib>=1.4.0 in C:\Users\Dell\AppData\Roaming\Python\Python314\site-packages (from scikit-learn->-r requirements.txt (line 5)) (1.5.3)
Requirement already satisfied: narwhals>=2.0.1 in C:\Users\Dell\AppData\Roaming\Python\Python314\site-packages (from scikit-learn->-r requirements.txt (line 5)) (2.22.1)
Requirement already satisfied: threadpoolctl>=3.5.0 in C:\Users\Dell\AppData\Roaming\Python\Python314\site-packages (from scikit-learn->-r requirements.txt (line 5)) (3.6.0)
Requirement already satisfied: autograd>=1.5 in C:\Users\Dell\AppData\Local\Python\pythoncore-3.14-64\Lib\site-packages (from lifelines->-r requirements.txt (line 6)) (1.9.1)
Requirement already satisfied: autograd-gamma>=0.3 in C:\Users\Dell\AppData\Local\Python\pythoncore-3.14-64\Lib\site-packages (from lifelines->-r requirements.txt (line 6)) (0.5.0)
Requirement already satisfied: formulaic>=0.2.2 in C:\Users\Dell\AppData\Local\Python\pythoncore-3.14-64\Lib\site-packages (from lifelines->-r requirements.txt (line 6)) (1.2.2)
Requirement already satisfied: patsy>=0.5.6 in C:\Users\Dell\AppData\Local\Python\pythoncore-3.14-64\Lib\site-packages (from statsmodels->-r requirements.txt (line 8)) (1.0.2)
Requirement already satisfied: lxml>=3.1.0 in C:\Users\Dell\AppData\Local\Python\pythoncore-3.14-64\Lib\site-packages (from python-docx->-r requirements.txt (line 9)) (6.1.1)
Requirement already satisfied: typing_extensions>=4.9.0 in C:\Users\Dell\AppData\Local\Python\pythoncore-3.14-64\Lib\site-packages (from python-docx->-r requirements.txt (line 9)) (4.15.0)
Requirement already satisfied: interface-meta>=1.2.0 in C:\Users\Dell\AppData\Local\Python\pythoncore-3.14-64\Lib\site-packages (from formulaic>=0.2.2->lifelines->-r requirements.txt (line 6)) (2.0.1)
Requirement already satisfied: wrapt>=1.17.0rc1 in C:\Users\Dell\AppData\Local\Python\pythoncore-3.14-64\Lib\site-packages (from formulaic>=0.2.2->lifelines->-r requirements.txt (line 6)) (2.3.0rc2)
Requirement already satisfied: six>=1.5 in C:\Users\Dell\AppData\Roaming\Python\Python314\site-packages (from python-dateutil>=2.8.2->pandas->-r requirements.txt (line 1)) (1.17.0)

[notice] A new release of pip is available: 26.1.1 -> 26.1.2
[notice] To update, run: C:\Users\Dell\AppData\Local\Python\pythoncore-3.14-64\python.exe -m pip install --upgrade pip
